// Jest Snapshot v1, https://goo.gl/fbAQLP

exports[`submitLengthGameboard should generate a gameboard when submit form with rows and columns values 1`] = `
<table
  id="gameboard"
>
  <tr
    id="0"
  >
    <td>
      <img
        class="0"
        src="./img/empty.png"
      />
    </td>
    <td>
      <img
        class="1"
        src="./img/empty.png"
      />
    </td>
    <td>
      <img
        class="2"
        src="./img/empty.png"
      />
    </td>
    <td>
      <img
        class="3"
        src="./img/empty.png"
      />
    </td>
    <td>
      <img
        class="4"
        src="./img/empty.png"
      />
    </td>
    <td>
      <img
        class="5"
        src="./img/empty.png"
      />
    </td>
    <td>
      <img
        class="6"
        src="./img/empty.png"
      />
    </td>
  </tr>
  <tr
    id="1"
  >
    <td>
      <img
        class="0"
        src="./img/empty.png"
      />
    </td>
    <td>
      <img
        class="1"
        src="./img/empty.png"
      />
    </td>
    <td>
      <img
        class="2"
        src="./img/empty.png"
      />
    </td>
    <td>
      <img
        class="3"
        src="./img/empty.png"
      />
    </td>
    <td>
      <img
        class="4"
        src="./img/empty.png"
      />
    </td>
    <td>
      <img
        class="5"
        src="./img/empty.png"
      />
    </td>
    <td>
      <img
        class="6"
        src="./img/empty.png"
      />
    </td>
  </tr>
  <tr
    id="2"
  >
    <td>
      <img
        class="0"
        src="./img/empty.png"
      />
    </td>
    <td>
      <img
        class="1"
        src="./img/empty.png"
      />
    </td>
    <td>
      <img
        class="2"
        src="./img/empty.png"
      />
    </td>
    <td>
      <img
        class="3"
        src="./img/empty.png"
      />
    </td>
    <td>
      <img
        class="4"
        src="./img/empty.png"
      />
    </td>
    <td>
      <img
        class="5"
        src="./img/empty.png"
      />
    </td>
    <td>
      <img
        class="6"
        src="./img/empty.png"
      />
    </td>
  </tr>
  <tr
    id="3"
  >
    <td>
      <img
        class="0"
        src="./img/empty.png"
      />
    </td>
    <td>
      <img
        class="1"
        src="./img/empty.png"
      />
    </td>
    <td>
      <img
        class="2"
        src="./img/empty.png"
      />
    </td>
    <td>
      <img
        class="3"
        src="./img/empty.png"
      />
    </td>
    <td>
      <img
        class="4"
        src="./img/empty.png"
      />
    </td>
    <td>
      <img
        class="5"
        src="./img/empty.png"
      />
    </td>
    <td>
      <img
        class="6"
        src="./img/empty.png"
      />
    </td>
  </tr>
  <tr
    id="4"
  >
    <td>
      <img
        class="0"
        src="./img/empty.png"
      />
    </td>
    <td>
      <img
        class="1"
        src="./img/empty.png"
      />
    </td>
    <td>
      <img
        class="2"
        src="./img/empty.png"
      />
    </td>
    <td>
      <img
        class="3"
        src="./img/empty.png"
      />
    </td>
    <td>
      <img
        class="4"
        src="./img/empty.png"
      />
    </td>
    <td>
      <img
        class="5"
        src="./img/empty.png"
      />
    </td>
    <td>
      <img
        class="6"
        src="./img/empty.png"
      />
    </td>
  </tr>
  <tr
    id="5"
  >
    <td>
      <img
        class="0"
        src="./img/empty.png"
      />
    </td>
    <td>
      <img
        class="1"
        src="./img/empty.png"
      />
    </td>
    <td>
      <img
        class="2"
        src="./img/empty.png"
      />
    </td>
    <td>
      <img
        class="3"
        src="./img/empty.png"
      />
    </td>
    <td>
      <img
        class="4"
        src="./img/empty.png"
      />
    </td>
    <td>
      <img
        class="5"
        src="./img/empty.png"
      />
    </td>
    <td>
      <img
        class="6"
        src="./img/empty.png"
      />
    </td>
  </tr>
</table>
`;
